((display "Hello World? Nice to meet you!"))

display : [Lisp.Symbol]
"Hello World? Nice to meet you!" : [System.String]
